// Jest Snapshot v1, https://goo.gl/fbAQLP

exports[`create-update-PR-in-forks creates a new PR 1`] = `
Array [
  Array [
    Array [
      Object {
        "data": Object {},
        "headers": Object {
          "content-type": "application/json",
        },
        "status": 200,
        "url": "https://api.github.com/repos/Glumli/repository_name/pulls",
      },
    ],
  ],
]
`;

exports[`create-update-PR-in-forks creates a new PR from a different template 1`] = `
Array [
  Array [
    Array [
      Object {
        "data": Object {},
        "headers": Object {
          "content-type": "application/json",
        },
        "status": 200,
        "url": "https://api.github.com/repos/Glumli/repository_name/pulls",
      },
    ],
  ],
]
`;

exports[`create-update-PR-in-forks creates a new PR with labels as comma-delimited strings 1`] = `undefined`;

exports[`create-update-PR-in-forks creates a new PR with labels as comma-delimited strings 2`] = `
Array [
  Array [
    Array [
      Object {
        "data": Object {},
        "headers": Object {
          "content-type": "application/json",
        },
        "status": 200,
        "url": "https://api.github.com/repos/Glumli/repository_name/pulls",
      },
    ],
  ],
]
`;

exports[`create-update-PR-in-forks creates a new PR with some template variables 1`] = `
Array [
  Array [
    Array [
      Object {
        "data": Object {},
        "headers": Object {
          "content-type": "application/json",
        },
        "status": 200,
        "url": "https://api.github.com/repos/Glumli/repository_name/pulls",
      },
    ],
  ],
]
`;
